[dental.eyesandsmiles.co.uk/index.html]
[backblue.gif]
[fade.gif]
[index.html]
[maxcdn.bootstrapcdn.com/font-awesome/4.7.0/css/font-awesome.min.css]
[dental.eyesandsmiles.co.uk/templates_css/css/stylesheet42e8.css]
[dental.eyesandsmiles.co.uk/scripts/map7cc5.php]
[dental.eyesandsmiles.co.uk/scripts/jquery.min3074.js]
[dental.eyesandsmiles.co.uk/scripts/jquery-ui.min3074.js]
[dental.eyesandsmiles.co.uk/scripts/bower_components/bootstrap/dist/js/bootstrap.min3074.js]
[dental.eyesandsmiles.co.uk/scripts/owl.carousel.min3074.js]
[dental.eyesandsmiles.co.uk/scripts/jquery-navtoselect3074.js]
[dental.eyesandsmiles.co.uk/scripts/core_bootstrap3074.js]
[dental.eyesandsmiles.co.uk/scripts/lightbox-2.6.min3074.js]
[dental.eyesandsmiles.co.uk/scripts/bootstrap-datepicker3074.js]
[dental.eyesandsmiles.co.uk/scripts/validator.min3074.js]
[dental.eyesandsmiles.co.uk/scripts/jquery.cookie3074.js]
[dental.eyesandsmiles.co.uk/scripts/bower_components/matchHeight/dist/jquery.matchHeight-min3074.js]
[dental.eyesandsmiles.co.uk/scripts/bower_components/datatables/media/js/jquery.dataTables.min3074.js]
[dental.eyesandsmiles.co.uk/scripts/bower_components/datatables/media/js/dataTables.bootstrap.min3074.js]
[dental.eyesandsmiles.co.uk/scripts/bower_components/bootstrap-select/dist/js/bootstrap-select.min3074.js]
[dental.eyesandsmiles.co.uk/scripts/bower_components/wow/dist/wow.min3074.js]
[dental.eyesandsmiles.co.uk/scripts/modernizr.custom3074.js]
[dental.eyesandsmiles.co.uk/scripts/bower_components/masonry-layout/dist/masonry.pkgd.min3074.js]
[www.google-analytics.com/analytics.js]
[connect.facebook.net/en_US/fbevents.js]
[www.facebook.com/trff4c.gif]
[www.google.com/recaptcha/api.js]
[connect.facebook.net/en_GB/sdk.js]
[dental.eyesandsmiles.co.uk/online-consultation.html]
[s3-eu-west-1.amazonaws.com/cdn.webfactore.co.uk/8490-corner.png]
[s3-eu-west-1.amazonaws.com/cdn.webfactore.co.uk/sr_4965867f98.png]
[dental.eyesandsmiles.co.uk/about.html]
[dental.eyesandsmiles.co.uk/about/meet-the-team.html]
[dental.eyesandsmiles.co.uk/about/the-practice.html]
[dental.eyesandsmiles.co.uk/about/why-choose-us.html]
[dental.eyesandsmiles.co.uk/about/how-to-find-us.html]
[dental.eyesandsmiles.co.uk/services.html]
[dental.eyesandsmiles.co.uk/services/teeth-whitening.html]
[dental.eyesandsmiles.co.uk/services/hygienist.html]
[dental.eyesandsmiles.co.uk/services/white-fillings-and-dental-bonding.html]
[dental.eyesandsmiles.co.uk/services/root-canal-treatment.html]
[dental.eyesandsmiles.co.uk/services/dental-implants.html]
[dental.eyesandsmiles.co.uk/services/crowns.html]
[dental.eyesandsmiles.co.uk/services/orthodontics.html]
[dental.eyesandsmiles.co.uk/services/smile-makeovers.html]
[dental.eyesandsmiles.co.uk/services/bridges.html]
[dental.eyesandsmiles.co.uk/services/veneers.html]
[dental.eyesandsmiles.co.uk/services/online-e-consultation.html]
[dental.eyesandsmiles.co.uk/nervous-patients2.html]
[dental.eyesandsmiles.co.uk/services/emergency-dental-appointments.html]
[dental.eyesandsmiles.co.uk/services/headaches-and-jaw-problems.html]
[dental.eyesandsmiles.co.uk/new-patients.html]
[dental.eyesandsmiles.co.uk/pricing-and-offers/offers.html]
[dental.eyesandsmiles.co.uk/pricing-and-offers/prices.html]
[dental.eyesandsmiles.co.uk/testimonials.html]
[dental.eyesandsmiles.co.uk/contact.html]
[s3-eu-west-1.amazonaws.com/cdn.webfactore.co.uk/sr_479127_large7f98.jpg]
[s3-eu-west-1.amazonaws.com/cdn.webfactore.co.uk/sr_4799027f98.png]
[s3-eu-west-1.amazonaws.com/cdn.webfactore.co.uk/sr_4799037f98.jpg]
[s3-eu-west-1.amazonaws.com/cdn.webfactore.co.uk/sr_4799047f98.jpg]
[s3-eu-west-1.amazonaws.com/cdn.webfactore.co.uk/sr_4965917f98.jpg]
[s3-eu-west-1.amazonaws.com/cdn.webfactore.co.uk/sr_4965927f98.jpg]
[s3-eu-west-1.amazonaws.com/cdn.webfactore.co.uk/sr_5028377f98.jpg]
[dental.eyesandsmiles.co.uk/blog.html]
[s3-eu-west-1.amazonaws.com/cdn.webfactore.co.uk/sr_941656_largec53f.png]
[s3-eu-west-1.amazonaws.com/cdn.webfactore.co.uk/sr_981940_large80b6.png]
[s3-eu-west-1.amazonaws.com/cdn.webfactore.co.uk/sr_981943_largef0ec.jpg]
[s3-eu-west-1.amazonaws.com/cdn.webfactore.co.uk/sr_992374_large6e2c.jpg]
[s3-eu-west-1.amazonaws.com/cdn.webfactore.co.uk/sr_666084_large7f98.jpg]
[s3-eu-west-1.amazonaws.com/cdn.webfactore.co.uk/sr_666056_large7f98.jpg]
[s3-eu-west-1.amazonaws.com/cdn.webfactore.co.uk/sr_599110_large7f98.jpg]
[s3-eu-west-1.amazonaws.com/cdn.webfactore.co.uk/sr_503668_large7f98.png]
[s3-eu-west-1.amazonaws.com/cdn.webfactore.co.uk/sr_503581_large7f98.jpg]
[s3-eu-west-1.amazonaws.com/cdn.webfactore.co.uk/sr_493636_large7f98.jpg]
[s3-eu-west-1.amazonaws.com/cdn.webfactore.co.uk/sr_493634_large7f98.jpg]
[s3-eu-west-1.amazonaws.com/cdn.webfactore.co.uk/sr_493633_large7f98.jpg]
[s3-eu-west-1.amazonaws.com/cdn.webfactore.co.uk/sr_493632_large7f98.jpg]
[s3-eu-west-1.amazonaws.com/cdn.webfactore.co.uk/sr_493631_large7f98.jpg]
[cdn-images.mailchimp.com/embedcode/classic-10_7.css]
[dental.eyesandsmiles.co.uk/cookie-declaration.html]
[dental.eyesandsmiles.co.uk/index.html]
[fonts.googleapis.com/css6454.css]
[dental.eyesandsmiles.co.uk/site_css/statsrecordjava.html]
[s3-eu-west-1.amazonaws.com/cdn.webfactore.co.uk/sr_479264_large7f98.jpg]
[dental.eyesandsmiles.co.uk/online-consultation.html]
[s3-eu-west-1.amazonaws.com/cdn.webfactore.co.uk/sr_5051047f98.jpg]
[s3-eu-west-1.amazonaws.com/cdn.webfactore.co.uk/sr_5051057f98.png]
[s3-eu-west-1.amazonaws.com/cdn.webfactore.co.uk/sr_5051067f98.jpg]
[s3-eu-west-1.amazonaws.com/cdn.webfactore.co.uk/sr_5051077f98.png]
[dental.eyesandsmiles.co.uk/about.html]
[s3-eu-west-1.amazonaws.com/cdn.webfactore.co.uk/sr_507981_largeish.jpg]
[s3-eu-west-1.amazonaws.com/cdn.webfactore.co.uk/sr_800551_largeish.jpg]
[s3-eu-west-1.amazonaws.com/cdn.webfactore.co.uk/sr_732911_largeish.jpg]
[dummyimage.com/320x320/eeeeee/cccccc.jpg&text=Image+Soon]
[dental.eyesandsmiles.co.uk/about/meet-the-team.html]
[s3-eu-west-1.amazonaws.com/cdn.webfactore.co.uk/sr_505085_large.jpg]
[s3-eu-west-1.amazonaws.com/cdn.webfactore.co.uk/sr_505085_largeish.jpg]
[s3-eu-west-1.amazonaws.com/cdn.webfactore.co.uk/sr_505088_large.jpg]
[s3-eu-west-1.amazonaws.com/cdn.webfactore.co.uk/sr_505088_largeish.jpg]
[s3-eu-west-1.amazonaws.com/cdn.webfactore.co.uk/sr_505091_large.jpg]
[s3-eu-west-1.amazonaws.com/cdn.webfactore.co.uk/sr_505091_largeish.jpg]
[s3-eu-west-1.amazonaws.com/cdn.webfactore.co.uk/sr_519127_large.jpg]
[s3-eu-west-1.amazonaws.com/cdn.webfactore.co.uk/sr_519127_largeish.jpg]
[s3-eu-west-1.amazonaws.com/cdn.webfactore.co.uk/sr_522946_large.jpg]
[s3-eu-west-1.amazonaws.com/cdn.webfactore.co.uk/sr_522946_largeish.jpg]
[s3-eu-west-1.amazonaws.com/cdn.webfactore.co.uk/sr_522953_large.png]
[s3-eu-west-1.amazonaws.com/cdn.webfactore.co.uk/sr_522953_largeish.png]
[dental.eyesandsmiles.co.uk/about/the-practice.html]
[dental.eyesandsmiles.co.uk/about/why-choose-us.html]
[tfl.gov.uk/cdn/static/scripts/specific/widgets/jp-widget.js]
[dental.eyesandsmiles.co.uk/about/how-to-find-us.html]
[s3-eu-west-1.amazonaws.com/cdn.webfactore.co.uk/sr_5051137f98.jpg]
[s3-eu-west-1.amazonaws.com/cdn.webfactore.co.uk/sr_5051147f98.jpg]
[s3-eu-west-1.amazonaws.com/cdn.webfactore.co.uk/sr_4796347f98.png]
[dental.eyesandsmiles.co.uk/gallery/teeth-whitening3.html]
[s3-eu-west-1.amazonaws.com/cdn.webfactore.co.uk/sr_4796357f98.jpg]
[s3-eu-west-1.amazonaws.com/cdn.webfactore.co.uk/sr_5051157f98.jpg]
[s3-eu-west-1.amazonaws.com/cdn.webfactore.co.uk/sr_5051197f98.png]
[s3-eu-west-1.amazonaws.com/cdn.webfactore.co.uk/sr_5051207f98.jpg]
[s3-eu-west-1.amazonaws.com/cdn.webfactore.co.uk/sr_5051217f98.jpg]
[s3-eu-west-1.amazonaws.com/cdn.webfactore.co.uk/sr_5051227f98.jpg]
[s3-eu-west-1.amazonaws.com/cdn.webfactore.co.uk/sr_5051237f98.jpg]
[s3-eu-west-1.amazonaws.com/cdn.webfactore.co.uk/sr_5051247f98.jpg]
[s3-eu-west-1.amazonaws.com/cdn.webfactore.co.uk/sr_5051257f98.jpg]
[s3-eu-west-1.amazonaws.com/cdn.webfactore.co.uk/sr_5051387f98.jpg]
[s3-eu-west-1.amazonaws.com/cdn.webfactore.co.uk/sr_5051397f98.png]
[s3-eu-west-1.amazonaws.com/cdn.webfactore.co.uk/sr_6660717f98.jpg]
[dental.eyesandsmiles.co.uk/services.html]
[s3-eu-west-1.amazonaws.com/cdn.webfactore.co.uk/sr_4798177f98.jpg]
[s3-eu-west-1.amazonaws.com/cdn.webfactore.co.uk/sr_5141297f98.png]
[s3-eu-west-1.amazonaws.com/cdn.webfactore.co.uk/sr_5186867f98.jpg]
[dental.eyesandsmiles.co.uk/services/teeth-whitening.html]
[s3-eu-west-1.amazonaws.com/cdn.webfactore.co.uk/sr_6662777f98.png]
[s3-eu-west-1.amazonaws.com/cdn.webfactore.co.uk/sr_6662787f98.jpg]
[s3-eu-west-1.amazonaws.com/cdn.webfactore.co.uk/sr_6662717f98.png]
[dental.eyesandsmiles.co.uk/services/hygienist.html]
[s3-eu-west-1.amazonaws.com/cdn.webfactore.co.uk/sr_4798187f98.jpg]
[s3-eu-west-1.amazonaws.com/cdn.webfactore.co.uk/sr_4798217f98.jpg]
[s3-eu-west-1.amazonaws.com/cdn.webfactore.co.uk/sr_6212387f98.jpg]
[dental.eyesandsmiles.co.uk/services/white-fillings-and-dental-bonding.html]
[s3-eu-west-1.amazonaws.com/cdn.webfactore.co.uk/sr_6662267f98.jpg]
[s3-eu-west-1.amazonaws.com/cdn.webfactore.co.uk/sr_6662277f98.jpg]
[s3-eu-west-1.amazonaws.com/cdn.webfactore.co.uk/sr_6662507f98.png]
[dental.eyesandsmiles.co.uk/services/root-canal-treatment.html]
[dental.eyesandsmiles.co.uk/services/dental-implants.html]
[s3-eu-west-1.amazonaws.com/cdn.webfactore.co.uk/sr_4798167f98.jpg]
[s3-eu-west-1.amazonaws.com/cdn.webfactore.co.uk/sr_5186897f98.jpg]
[s3-eu-west-1.amazonaws.com/cdn.webfactore.co.uk/sr_5191127f98.jpg]
[dental.eyesandsmiles.co.uk/services/crowns.html]
[s3-eu-west-1.amazonaws.com/cdn.webfactore.co.uk/sr_479219_large.png]
[s3-eu-west-1.amazonaws.com/cdn.webfactore.co.uk/sr_4792197f98.png]
[s3-eu-west-1.amazonaws.com/cdn.webfactore.co.uk/sr_479228_large.jpg]
[s3-eu-west-1.amazonaws.com/cdn.webfactore.co.uk/sr_4792287f98.jpg]
[s3-eu-west-1.amazonaws.com/cdn.webfactore.co.uk/sr_5141277f98.jpg]
[dental.eyesandsmiles.co.uk/services/orthodontics.html]
[dental.eyesandsmiles.co.uk/services/smile-makeovers.html]
[s3-eu-west-1.amazonaws.com/cdn.webfactore.co.uk/sr_4798157f98.jpg]
[s3-eu-west-1.amazonaws.com/cdn.webfactore.co.uk/sr_5191157f98.jpg]
[s3-eu-west-1.amazonaws.com/cdn.webfactore.co.uk/sr_5191217f98.jpg]
[dental.eyesandsmiles.co.uk/services/bridges.html]
[s3-eu-west-1.amazonaws.com/cdn.webfactore.co.uk/sr_4798147f98.jpg]
[s3-eu-west-1.amazonaws.com/cdn.webfactore.co.uk/sr_6695077f98.png]
[s3-eu-west-1.amazonaws.com/cdn.webfactore.co.uk/sr_6695087f98.jpg]
[dental.eyesandsmiles.co.uk/services/veneers.html]
[dental.eyesandsmiles.co.uk/services/online-e-consultation.html]
[s3-eu-west-1.amazonaws.com/cdn.webfactore.co.uk/sr_5194107f98.jpg]
[dental.eyesandsmiles.co.uk/nervous-patients2.html]
[dental.eyesandsmiles.co.uk/services/emergency-dental-appointments.html]
[s3-eu-west-1.amazonaws.com/cdn.webfactore.co.uk/sr_5052677f98.png]
[s3-eu-west-1.amazonaws.com/cdn.webfactore.co.uk/sr_5052687f98.jpg]
[s3-eu-west-1.amazonaws.com/cdn.webfactore.co.uk/sr_5141257f98.jpg]
[dental.eyesandsmiles.co.uk/services/headaches-and-jaw-problems.html]
[dental.eyesandsmiles.co.uk/new-patients.html]
[s3-eu-west-1.amazonaws.com/cdn.webfactore.co.uk/sr_507998_largeish.jpg]
[s3-eu-west-1.amazonaws.com/cdn.webfactore.co.uk/sr_561623_largeish.jpg]
[s3-eu-west-1.amazonaws.com/cdn.webfactore.co.uk/sr_561620_largeish.jpg]
[s3-eu-west-1.amazonaws.com/cdn.webfactore.co.uk/sr_732913_largeish.jpg]
[dental.eyesandsmiles.co.uk/pricing-and-offers/offers.html]
[dental.eyesandsmiles.co.uk/pricing-and-offers/prices.html]
[dental.eyesandsmiles.co.uk/testimonials.html]
[dental.eyesandsmiles.co.uk/contact.html]
[dental.eyesandsmiles.co.uk/blogfbab.html]
[s3-eu-west-1.amazonaws.com/cdn.webfactore.co.uk/sr_10518660ad4.jpg]
[dental.eyesandsmiles.co.uk/blog826f.html]
[s3-eu-west-1.amazonaws.com/cdn.webfactore.co.uk/sr_1007896045c.jpg]
[dental.eyesandsmiles.co.uk/blogb6fd.html]
[s3-eu-west-1.amazonaws.com/cdn.webfactore.co.uk/sr_100789471fd.jpg]
[dental.eyesandsmiles.co.uk/bloga9d2.html]
[s3-eu-west-1.amazonaws.com/cdn.webfactore.co.uk/sr_10078919e6a.jpg]
[dental.eyesandsmiles.co.uk/blog1656.html]
[s3-eu-west-1.amazonaws.com/cdn.webfactore.co.uk/sr_9881047a9e.jpg]
[dental.eyesandsmiles.co.uk/blogb684.html]
[s3-eu-west-1.amazonaws.com/cdn.webfactore.co.uk/sr_988114a49e.jpg]
[dental.eyesandsmiles.co.uk/blog2133.html]
[s3-eu-west-1.amazonaws.com/cdn.webfactore.co.uk/sr_988073d35b.jpg]
[dental.eyesandsmiles.co.uk/blog.html]
[dental.eyesandsmiles.co.uk/cookie-declaration.html]
[s3-eu-west-1.amazonaws.com/cdn.webfactore.co.uk/sr_479800_large.jpg]
[s3-eu-west-1.amazonaws.com/cdn.webfactore.co.uk/sr_479800_largeish.jpg]
[dental.eyesandsmiles.co.uk/gallery/smile-makeover.html]
[dental.eyesandsmiles.co.uk/gallery/cosmetic-braces.html]
[dental.eyesandsmiles.co.uk/gallery/implants.html]
[dental.eyesandsmiles.co.uk/gallery/veneers2.html]
[dental.eyesandsmiles.co.uk/gallery/white-fillings3.html]
[dental.eyesandsmiles.co.uk/gallery/teeth-whitening3.html]
[dental.eyesandsmiles.co.uk/scripts/social-buttons.js]
[dental.eyesandsmiles.co.uk/blogfbab.html]
[dental.eyesandsmiles.co.uk/blog826f.html]
[dental.eyesandsmiles.co.uk/blogb6fd.html]
[s3-eu-west-1.amazonaws.com/cdn.webfactore.co.uk/sr_10078890689.jpg]
[s3-eu-west-1.amazonaws.com/cdn.webfactore.co.uk/sr_10078900689.jpg]
[dental.eyesandsmiles.co.uk/bloga9d2.html]
[dental.eyesandsmiles.co.uk/blog1656.html]
[dental.eyesandsmiles.co.uk/blogb684.html]
[dental.eyesandsmiles.co.uk/blog2133.html]
[dental.eyesandsmiles.co.uk/gallery/smile-makeover.html]
[dental.eyesandsmiles.co.uk/gallery/cosmetic-braces.html]
[dental.eyesandsmiles.co.uk/gallery/implants.html]
[dental.eyesandsmiles.co.uk/gallery/veneers2.html]
[dental.eyesandsmiles.co.uk/gallery/white-fillings3.html]
[maxcdn.bootstrapcdn.com/font-awesome/4.7.0/css/font-awesome.min.css]
[maxcdn.bootstrapcdn.com/font-awesome/4.7.0/fonts/fontawesome-webfont3e6e.svg]
[dental.eyesandsmiles.co.uk/templates_css/fonts/glyphicons-halflings-regular.eot]
[www.google.com/recaptcha/api.js]
[dental.eyesandsmiles.co.uk/templates_css/fonts/glyphicons-halflings-regulard41d.eot]
[dental.eyesandsmiles.co.uk/templates_css/fonts/glyphicons-halflings-regular.e0.delayed]
[dental.eyesandsmiles.co.uk/templates_css/fonts/glyphicons-halflings-regular.e1.delayed]
[dental.eyesandsmiles.co.uk/templates_css/fonts/glyphicons-halflings-regular.e2.delayed]
[dental.eyesandsmiles.co.uk/templates_css/fonts/glyphicons-halflings-regular.e3.delayed]
[dental.eyesandsmiles.co.uk/templates_css/images/lightbox/close.png]
[dental.eyesandsmiles.co.uk/templates_css/images/lightbox/loading.gif]
[dental.eyesandsmiles.co.uk/templates_css/images/lightbox/prev.png]
[dental.eyesandsmiles.co.uk/templates_css/images/lightbox/next.png]
[dental.eyesandsmiles.co.uk/templates_css/images/social-buttons/icons36fa.eot]
[dental.eyesandsmiles.co.uk/templates_css/images/social-buttons/iconsd41d.eot]
[dental.eyesandsmiles.co.uk/templates_css/images/social-buttons/icons36fa.svg]
[dental.eyesandsmiles.co.uk/templates_css/images/sort_both.ef.delayed]
[dental.eyesandsmiles.co.uk/templates_css/images/sort_asc.f0.delayed]
[dental.eyesandsmiles.co.uk/templates_css/images/sort_desc.f1.delayed]
[dental.eyesandsmiles.co.uk/templates_css/images/sort_asc_disabled.f2.delayed]
[dental.eyesandsmiles.co.uk/templates_css/images/sort_desc_disabled.png]
[dental.eyesandsmiles.co.uk/templates_css/images/bootstrapbyo/so_footer.png]
[s3-eu-west-1.amazonaws.com/cdn.webfactore.co.uk/14-bespoke-website-design.png]
[dental.eyesandsmiles.co.uk/templates_css/css/stylesheet42e8.css]
[dental.eyesandsmiles.co.uk/POST]
[connect.facebook.net/en_US/fbevents.js]
[connect.facebook.net/en_GB/sdk.js]
[dental.eyesandsmiles.co.uk/about.html]
[dental.eyesandsmiles.co.uk/blog.html]
[cdn-images.mailchimp.com/embedcode/classic-10_7.css]
[dental.eyesandsmiles.co.uk/gallery/teeth-whitening3.html]
[dental.eyesandsmiles.co.uk/blogfbab.html]
[dental.eyesandsmiles.co.uk/blog826f.html]
[dental.eyesandsmiles.co.uk/blogb6fd.html]
[dental.eyesandsmiles.co.uk/bloga9d2.html]
[dental.eyesandsmiles.co.uk/blog1656.html]
[dental.eyesandsmiles.co.uk/blogb684.html]
[dental.eyesandsmiles.co.uk/blog2133.html]
[dental.eyesandsmiles.co.uk/gallery/smile-makeover.html]
[maxcdn.bootstrapcdn.com/font-awesome/4.7.0/fonts/fontawesome-webfont3e6e.svg]
[dental.eyesandsmiles.co.uk/templates_css/fonts/glyphicons-halflings-regular.html]
[dental.eyesandsmiles.co.uk/templates_css/fonts/glyphicons-halflings-regulard41d.html]
[dental.eyesandsmiles.co.uk/templates_css/fonts/glyphicons-halflings-regular-2.html]
[dental.eyesandsmiles.co.uk/templates_css/fonts/glyphicons-halflings-regular-3.html]
[dental.eyesandsmiles.co.uk/templates_css/fonts/glyphicons-halflings-regular-4.html]
[dental.eyesandsmiles.co.uk/templates_css/fonts/glyphicons-halflings-regular-5.html]
[dental.eyesandsmiles.co.uk/templates_css/css/grabbing.html]
[dental.eyesandsmiles.co.uk/templates_css/css/AjaxLoader.html]
[dental.eyesandsmiles.co.uk/templates_css/images/social-buttons/icons36fa.html]
[dental.eyesandsmiles.co.uk/templates_css/images/social-buttons/icons36fa-2.html]
[dental.eyesandsmiles.co.uk/templates_css/images/social-buttons/icons36fa.svg]
[dental.eyesandsmiles.co.uk/templates_css/images/sort_both.html]
[dental.eyesandsmiles.co.uk/templates_css/images/sort_asc.html]
[dental.eyesandsmiles.co.uk/templates_css/images/sort_desc.html]
[dental.eyesandsmiles.co.uk/templates_css/images/sort_asc_disabled.html]
[dental.eyesandsmiles.co.uk/templates_css/images/sort_desc_disabled.html]
[dental.eyesandsmiles.co.uk/POST.html]
